2026-07-29 00:54:27,848 - __main__ - INFO - Iniciando servidor...
2026-07-29 00:54:28,065 - uvicorn.error - INFO - Started server process [10776]
2026-07-29 00:54:28,066 - uvicorn.error - INFO - Waiting for application startup.
2026-07-29 00:54:28,066 - uvicorn.error - INFO - Application startup complete.
2026-07-29 00:54:28,067 - uvicorn.error - INFO - Uvicorn running on http://127.0.0.1:8000 (Press CTRL+C to quit)
2026-07-29 00:54:55,893 - uvicorn.error - INFO - Shutting down
2026-07-29 00:54:55,996 - uvicorn.error - INFO - Waiting for application shutdown.
2026-07-29 00:54:55,996 - uvicorn.error - INFO - Application shutdown complete.
2026-07-29 00:54:55,997 - uvicorn.error - INFO - Finished server process [10776]
2026-07-29 01:20:31,281 - app.sube_controller - INFO - [+] Launching executable process ...
2026-07-29 01:20:31,874 - app.sube_controller - INFO - [+] Application opened, verified, and successfully minimized.
2026-07-29 01:21:42,607 - app.sube_controller - INFO - [+] Launching executable process ...
2026-07-29 01:21:43,120 - app.sube_controller - INFO - [+] Application opened, verified, and successfully minimized.
2026-07-29 01:22:34,552 - app.sube_controller - INFO - [*] The application is currently running.
2026-07-29 01:22:46,685 - app.sube_controller - INFO - [*] The application is currently running.
2026-07-29 01:23:10,863 - app.sube_controller - INFO - [+] Launching executable process ...
2026-07-29 01:24:11,563 - app.sube_controller - INFO - [+] Launching executable process ...
2026-07-29 01:24:32,386 - app.sube_controller - INFO - [*] The application is currently running.
2026-07-29 01:24:56,432 - app.sube_controller - INFO - [+] Launching executable process ...
2026-07-29 01:25:34,400 - app.sube_controller - INFO - [+] Launching executable process ...
2026-07-29 01:25:34,912 - app.sube_controller - INFO - [+] Application opened, verified, and successfully minimized.
2026-07-29 01:25:50,132 - app.sube_controller - INFO - [-] Stopping application...
2026-07-28 22:36:55,269 - app.sube_controller - INFO - [-] Stopping application...
2026-07-28 22:40:09,728 - app.sube_controller - INFO - [*] Application is running. Attempting to stop...
2026-07-28 22:57:32,331 - app.sube_controller - INFO - [-] Stopping application...
2026-07-28 22:57:32,529 - app.sube_controller - INFO - [*] Application is running. Attempting to terminate...
2026-07-28 22:57:32,530 - app.sube_controller - ERROR - [!] Error standard stopping: 'NoneType' object has no attribute 'terminate'
2026-07-28 22:57:32,530 - app.sube_controller - WARNING - [!] Forcing process destruction...
2026-07-28 22:57:32,530 - app.sube_controller - ERROR - [!] Critical: Could not kill process: 'NoneType' object has no attribute 'kill'
2026-07-28 22:58:42,850 - app.sube_controller - INFO - [-] Stopping application...
2026-07-28 23:00:38,460 - app.sube_controller - INFO - [-] Stopping application...
2026-07-28 23:05:37,477 - app.sube_controller - INFO - [+] Process stopped successfully.
2026-07-28 23:05:45,991 - app.sube_controller - INFO - [+] Process stopped successfully.
2026-07-28 23:06:39,111 - app.sube_controller - INFO - [-] Stopping application...
2026-07-28 23:31:16,537 - app.sube_controller - INFO - [-] Stopping application...
2026-07-28 23:46:57,766 - app.sube_controller - INFO - [-] Stopping application...
2026-07-28 23:46:58,089 - app.sube_controller - INFO - [*] The application is already closed.
2026-07-28 23:47:05,870 - app.sube_controller - INFO - [-] Stopping application...
2026-07-28 23:47:06,223 - app.sube_controller - INFO - [*] The application is already closed.
2026-07-28 23:47:27,469 - app.sube_controller - INFO - [+] Launching executable process ...
2026-07-28 23:47:27,996 - app.sube_controller - INFO - [+] Application opened, verified, and successfully minimized.
2026-07-28 23:47:28,000 - app.sube_controller - INFO - [-] Stopping application...
2026-07-28 23:47:28,300 - app.sube_controller - INFO - [*] Attempting to close via UI...
2026-07-28 23:47:30,562 - app.sube_controller - INFO - [+] Process stopped successfully via UI.
2026-07-28 23:48:37,796 - app.sube_controller - INFO - [+] Launching executable process ...
2026-07-28 23:48:38,310 - app.sube_controller - INFO - [+] Application opened, verified, and successfully minimized.
2026-07-28 23:48:38,310 - app.sube_controller - INFO - [-] Stopping application...
2026-07-29 00:00:18,225 - app.sube_controller - INFO - [+] Launching executable process ...
2026-07-29 00:00:18,738 - app.sube_controller - INFO - [+] Application opened, verified, and successfully minimized.
2026-07-29 00:01:15,441 - app.sube_controller - INFO - [*] Connecting to application in background...
2026-07-29 00:01:15,768 - app.sube_controller - INFO - [*] Button invoked logically in background.
2026-07-29 00:01:15,769 - app.sube_controller - INFO - [*] Waiting for hardware response (Minimized mode)...
2026-07-29 00:01:18,583 - app.sube_controller - INFO - [debug] Captured Data in background: ['Consulta de Saldo', '$-23,85', '6061 2685 8089 3317', 'SUBE Nro:']
2026-07-29 00:01:37,245 - app.sube_controller - INFO - [*] The application is currently running.
2026-07-29 00:02:13,503 - app.sube_controller - INFO - [*] Connecting to application in background...
2026-07-29 00:02:13,717 - app.sube_controller - INFO - [*] Button invoked logically in background.
2026-07-29 00:02:13,718 - app.sube_controller - INFO - [*] Waiting for hardware response (Minimized mode)...
2026-07-29 00:02:15,855 - app.sube_controller - INFO - [debug] Captured Data in background: ['Consulta de Saldo', '$-23,85', '6061 2685 8089 3317', 'SUBE Nro:']
2026-07-29 00:02:56,008 - app.sube_controller - INFO - [*] The application is currently running.
2026-07-29 00:03:05,180 - app.sube_controller - INFO - [*] Connecting to application in background...
2026-07-29 00:10:32,358 - app.sube_controller - INFO - [*] The application is currently running.
2026-07-29 00:10:45,443 - app.sube_controller - INFO - [*] The application is currently running.
2026-07-29 00:10:58,153 - app.sube_controller - INFO - [*] Waiting for a response from the reader hardware...
2026-07-29 00:11:30,691 - app.sube_controller - INFO - [*] The application is currently running.
2026-07-29 00:11:34,898 - app.sube_controller - INFO - [-] Stopping application...
2026-07-29 00:11:34,899 - app.sube_controller - INFO - [*] status ...
2026-07-29 00:11:35,083 - app.sube_controller - INFO - [*] Attempting to close via UI...
2026-07-29 00:11:52,385 - app.sube_controller - INFO - [+] Launching executable process ...
2026-07-29 00:11:52,908 - app.sube_controller - INFO - [+] Application opened, verified, and successfully minimized.
2026-07-29 00:11:55,486 - app.sube_controller - INFO - [*] The application is currently running.
2026-07-29 00:14:16,183 - app.sube_controller - INFO - [+] Launching executable process ...
2026-07-29 00:14:16,706 - app.sube_controller - INFO - [+] Application opened, verified, and successfully minimized.
2026-07-29 00:14:24,289 - app.sube_controller - INFO - [*] Waiting for a response from the reader hardware...
2026-07-29 00:14:26,448 - app.sube_controller - INFO - [debug] Captured Data after completion: ['Consulta de Saldo', '$-23,85', '6061 2685 8089 3317', 'SUBE Nro:']
2026-07-29 00:14:38,896 - app.sube_controller - INFO - [-] Stopping application...
2026-07-29 00:14:38,897 - app.sube_controller - INFO - [*] status ...
2026-07-29 00:14:39,080 - app.sube_controller - INFO - [*] Attempting to close via UI...
2026-07-29 00:29:02,927 - app.sube_controller - INFO - [+] Launching executable process ...
2026-07-29 00:29:03,442 - app.sube_controller - INFO - [+] Application opened, verified, and successfully minimized.
2026-07-29 00:29:03,919 - app.sube_controller - INFO - [*] Waiting for a response from the reader hardware...
2026-07-29 00:29:04,185 - app.sube_controller - INFO - [debug] Captured Data after completion: ['Sincronizando con dispositivo']
2026-07-29 00:29:04,193 - app.sube_controller - INFO - [-] Stopping application...
2026-07-29 00:29:04,193 - app.sube_controller - INFO - [*] status ...
2026-07-29 00:29:04,486 - app.sube_controller - INFO - [*] Attempting to close via UI...
2026-07-29 00:39:55,066 - __main__ - INFO - Iniciando servidor...
2026-07-29 00:39:55,182 - uvicorn.error - INFO - Started server process [12776]
2026-07-29 00:39:55,182 - uvicorn.error - INFO - Waiting for application startup.
2026-07-29 00:39:55,182 - uvicorn.error - INFO - Application startup complete.
2026-07-29 00:39:55,183 - uvicorn.error - INFO - Uvicorn running on http://127.0.0.1:8000 (Press CTRL+C to quit)
2026-07-29 00:41:09,258 - app.sube_controller - INFO - [+] Launching executable process ...
2026-07-29 00:41:09,777 - app.sube_controller - INFO - [+] Application opened, verified, and successfully minimized.
2026-07-29 00:41:09,778 - uvicorn.access - INFO - 127.0.0.1:63428 - "POST /open HTTP/1.1" 200
2026-07-29 00:41:36,715 - app.sube_controller - INFO - [*] Waiting for a response from the reader hardware...
2026-07-29 00:41:38,942 - app.sube_controller - INFO - [debug] Captured Data after completion: ['Consulta de Saldo', '$-23,85', '6061 2685 8089 3317', 'SUBE Nro:']
2026-07-29 00:41:38,949 - uvicorn.access - INFO - 127.0.0.1:63454 - "POST /read HTTP/1.1" 200
2026-07-29 00:41:46,843 - app.sube_controller - INFO - [-] Stopping application...
2026-07-29 00:41:46,844 - app.sube_controller - INFO - [*] status ...
2026-07-29 00:41:47,054 - app.sube_controller - INFO - [*] Attempting to close via UI...
2026-07-29 00:41:49,061 - uvicorn.access - INFO - 127.0.0.1:63459 - "POST /close HTTP/1.1" 200
2026-07-29 00:44:45,971 - uvicorn.error - INFO - Shutting down
2026-07-29 00:44:46,075 - uvicorn.error - INFO - Waiting for application shutdown.
2026-07-29 00:44:46,076 - uvicorn.error - INFO - Application shutdown complete.
2026-07-29 00:44:46,077 - uvicorn.error - INFO - Finished server process [12776]
2026-07-29 00:44:49,396 - __main__ - INFO - Iniciando servidor...
2026-07-29 00:44:49,468 - uvicorn.error - INFO - Started server process [5640]
2026-07-29 00:44:49,468 - uvicorn.error - INFO - Waiting for application startup.
2026-07-29 00:44:49,469 - uvicorn.error - INFO - Application startup complete.
2026-07-29 00:44:49,469 - uvicorn.error - INFO - Uvicorn running on http://127.0.0.1:8000 (Press CTRL+C to quit)
2026-07-29 00:45:01,366 - app.sube_controller - INFO - [-] Stopping application...
2026-07-29 00:45:01,366 - app.sube_controller - INFO - [*] status ...
2026-07-29 00:45:03,582 - app.sube_controller - INFO - [*] status ...
2026-07-29 00:45:05,843 - app.sube_controller - INFO - [*] status ...
2026-07-29 00:45:08,084 - app.sube_controller - INFO - [*] status ...
2026-07-29 00:45:10,339 - app.sube_controller - INFO - [*] status ...
2026-07-29 00:45:10,556 - uvicorn.access - INFO - 127.0.0.1:54019 - "POST /close HTTP/1.1" 500
2026-07-29 00:45:24,285 - app.sube_controller - INFO - [-] Stopping application...
2026-07-29 00:45:24,285 - app.sube_controller - INFO - [*] status ...
2026-07-29 00:45:26,501 - app.sube_controller - INFO - [*] status ...
2026-07-29 00:45:28,734 - app.sube_controller - INFO - [*] status ...
2026-07-29 00:45:30,975 - app.sube_controller - INFO - [*] status ...
2026-07-29 00:45:33,216 - app.sube_controller - INFO - [*] status ...
2026-07-29 00:45:33,431 - uvicorn.access - INFO - 127.0.0.1:54020 - "POST /close HTTP/1.1" 500
2026-07-29 00:45:40,289 - app.sube_controller - INFO - [+] Launching executable process ...
2026-07-29 00:45:40,806 - app.sube_controller - INFO - [+] Application opened, verified, and successfully minimized.
2026-07-29 00:45:40,807 - uvicorn.access - INFO - 127.0.0.1:54022 - "POST /open HTTP/1.1" 200
2026-07-29 00:45:45,351 - app.sube_controller - INFO - [*] Waiting for a response from the reader hardware...
2026-07-29 00:45:47,536 - app.sube_controller - INFO - [debug] Captured Data after completion: ['Consulta de Saldo', '$-23,85', '6061 2685 8089 3317', 'SUBE Nro:']
2026-07-29 00:45:47,542 - uvicorn.access - INFO - 127.0.0.1:54023 - "POST /read HTTP/1.1" 200
2026-07-29 00:45:54,682 - app.sube_controller - INFO - [*] Waiting for a response from the reader hardware...
2026-07-29 00:46:15,038 - app.sube_controller - INFO - [debug] Captured Data after completion: []
2026-07-29 00:46:15,052 - uvicorn.access - INFO - 127.0.0.1:54026 - "POST /read HTTP/1.1" 200
2026-07-29 00:46:19,270 - app.sube_controller - INFO - [*] Waiting for a response from the reader hardware...
2026-07-29 00:46:21,555 - app.sube_controller - INFO - [debug] Captured Data after completion: ['Consulta de Saldo', '$-23,85', '6061 2685 8089 3317', 'SUBE Nro:']
2026-07-29 00:46:21,560 - uvicorn.access - INFO - 127.0.0.1:54029 - "POST /read HTTP/1.1" 200
2026-07-29 00:46:55,629 - uvicorn.error - INFO - Shutting down
2026-07-29 00:46:55,730 - uvicorn.error - INFO - Waiting for application shutdown.
2026-07-29 00:46:55,731 - uvicorn.error - INFO - Application shutdown complete.
2026-07-29 00:46:55,731 - uvicorn.error - INFO - Finished server process [5640]
2026-07-29 11:05:53,903 - app.sube_controller - INFO - [*] Opening application...
2026-07-29 11:05:54,137 - app.sube_controller - INFO - [+] Launching executable process ...
2026-07-29 11:05:56,084 - app.sube_controller - INFO - [+] Application is verified and running.
2026-07-29 11:06:10,854 - app.sube_controller - INFO - [-] Stopping application...
2026-07-29 11:06:10,855 - app.sube_controller - INFO - [*] Attempting to close via UI...
2026-07-29 11:06:12,461 - app.sube_controller - INFO - [*] status ...
2026-07-29 11:06:14,682 - app.sube_controller - INFO - [*] status ...
2026-07-29 11:06:16,938 - app.sube_controller - INFO - [*] status ...
2026-07-29 11:06:19,184 - app.sube_controller - INFO - [*] status ...
2026-07-29 11:06:21,412 - app.sube_controller - INFO - [*] status ...
2026-07-29 11:06:23,137 - app.sube_controller - INFO - [-] Stopping application...
2026-07-29 11:06:23,137 - app.sube_controller - INFO - [*] Attempting to close via UI...
2026-07-29 11:06:23,138 - app.sube_controller - WARNING - [!] UI interaction finished or skipped: Unable to connect to the application 'Conexi[oó]n M[oó]vil'
2026-07-29 11:06:23,138 - app.sube_controller - INFO - [*] status ...
2026-07-29 11:06:25,401 - app.sube_controller - INFO - [*] status ...
2026-07-29 11:06:27,621 - app.sube_controller - INFO - [*] status ...
2026-07-29 11:06:29,850 - app.sube_controller - INFO - [*] status ...
2026-07-29 11:06:32,073 - app.sube_controller - INFO - [*] status ...
2026-07-29 11:10:56,966 - app.sube_controller - INFO - [*] Opening application...
2026-07-29 11:10:57,160 - app.sube_controller - INFO - [+] Launching executable process ...
2026-07-29 11:10:58,955 - app.sube_controller - INFO - [+] Application is verified and running.
2026-07-29 11:11:48,947 - app.sube_controller - INFO - [-] Stopping application...
2026-07-29 11:11:48,947 - app.sube_controller - INFO - [*] Attempting to close via UI...
2026-07-29 11:11:50,505 - app.sube_controller - INFO - [*] status ...
2026-07-29 11:11:52,716 - app.sube_controller - INFO - [*] status ...
2026-07-29 11:11:54,931 - app.sube_controller - INFO - [*] status ...
2026-07-29 11:11:55,143 - app.sube_controller - WARNING - [!] UI interaction finished or skipped: RetryError[<Future at 0x277a1a943e0 state=finished returned bool>]
2026-07-29 11:42:56,525 - app.sube_controller - INFO - [*] Opening application...
2026-07-29 11:42:56,525 - app.sube_controller - INFO - [*] status ...
2026-07-29 11:42:56,703 - app.sube_controller - INFO - [+] Launching executable process ...
2026-07-29 11:42:58,225 - app.sube_controller - INFO - [+] Application process verified and window minimized.
2026-07-29 11:42:58,226 - app.sube_controller - INFO - [*] status ...
2026-07-29 11:43:06,911 - app.sube_controller - INFO - [-] Stopping application...
2026-07-29 11:43:06,911 - app.sube_controller - INFO - [*] status ...
2026-07-29 11:43:06,931 - app.sube_controller - INFO - [*] Attempting to close via UI...
2026-07-29 11:43:06,985 - app.sube_controller - INFO - [+] Process stopped successfully.
2026-07-29 11:43:08,486 - app.sube_controller - INFO - [*] status ...
2026-07-29 11:43:10,204 - app.sube_controller - INFO - [-] Stopping application...
2026-07-29 11:43:10,204 - app.sube_controller - INFO - [*] status ...
2026-07-29 11:43:10,375 - app.sube_controller - INFO - [*] status ...
2026-07-29 14:39:42,697 - __main__ - INFO - Iniciando servidor...
2026-07-29 14:39:42,810 - uvicorn.error - INFO - Started server process [13512]
2026-07-29 14:39:42,818 - uvicorn.error - INFO - Waiting for application startup.
2026-07-29 14:39:42,820 - uvicorn.error - INFO - Application startup complete.
2026-07-29 14:39:42,822 - uvicorn.error - INFO - Uvicorn running on http://127.0.0.1:8000 (Press CTRL+C to quit)
2026-07-29 14:40:03,526 - uvicorn.error - INFO - Shutting down
2026-07-29 14:40:03,636 - uvicorn.error - INFO - Finished server process [13512]
2026-07-29 14:40:03,726 - uvicorn.error - ERROR - Traceback (most recent call last):
  File "C:\Users\gusta\AppData\Local\Python\pythoncore-3.14-64\Lib\asyncio\runners.py", line 204, in run
    return runner.run(main)
           ~~~~~~~~~~^^^^^^
  File "C:\Users\gusta\AppData\Local\Python\pythoncore-3.14-64\Lib\asyncio\runners.py", line 127, in run
    return self._loop.run_until_complete(task)
           ~~~~~~~~~~~~~~~~~~~~~~~~~~~~~^^^^^^
  File "C:\Users\gusta\AppData\Local\Python\pythoncore-3.14-64\Lib\asyncio\base_events.py", line 706, in run_until_complete
    self.run_forever()
    ~~~~~~~~~~~~~~~~^^
  File "C:\Users\gusta\AppData\Local\Python\pythoncore-3.14-64\Lib\asyncio\base_events.py", line 677, in run_forever
    self._run_once()
    ~~~~~~~~~~~~~~^^
  File "C:\Users\gusta\AppData\Local\Python\pythoncore-3.14-64\Lib\asyncio\base_events.py", line 2046, in _run_once
    handle._run()
    ~~~~~~~~~~~^^
  File "C:\Users\gusta\AppData\Local\Python\pythoncore-3.14-64\Lib\asyncio\events.py", line 94, in _run
    self._context.run(self._callback, *self._args)
    ~~~~~~~~~~~~~~~~~^^^^^^^^^^^^^^^^^^^^^^^^^^^^^
  File "C:\Users\gusta\Documents\repositorios\sube-gateway\sube-local-gateway\.venv\Lib\site-packages\uvicorn\server.py", line 68, in serve
    with self.capture_signals():
         ~~~~~~~~~~~~~~~~~~~~^^
  File "C:\Users\gusta\AppData\Local\Python\pythoncore-3.14-64\Lib\contextlib.py", line 148, in __exit__
    next(self.gen)
    ~~~~^^^^^^^^^^
  File "C:\Users\gusta\Documents\repositorios\sube-gateway\sube-local-gateway\.venv\Lib\site-packages\uvicorn\server.py", line 328, in capture_signals
    signal.raise_signal(captured_signal)
    ~~~~~~~~~~~~~~~~~~~^^^^^^^^^^^^^^^^^
  File "C:\Users\gusta\AppData\Local\Python\pythoncore-3.14-64\Lib\asyncio\runners.py", line 166, in _on_sigint
    raise KeyboardInterrupt()
KeyboardInterrupt

During handling of the above exception, another exception occurred:

Traceback (most recent call last):
  File "C:\Users\gusta\Documents\repositorios\sube-gateway\sube-local-gateway\.venv\Lib\site-packages\starlette\routing.py", line 741, in lifespan
    await receive()
  File "C:\Users\gusta\Documents\repositorios\sube-gateway\sube-local-gateway\.venv\Lib\site-packages\uvicorn\lifespan\on.py", line 137, in receive
    return await self.receive_queue.get()
           ^^^^^^^^^^^^^^^^^^^^^^^^^^^^^^
  File "C:\Users\gusta\AppData\Local\Python\pythoncore-3.14-64\Lib\asyncio\queues.py", line 186, in get
    await getter
asyncio.exceptions.CancelledError

2026-07-29 14:40:15,156 - app.sube_controller - INFO - [*] Opening application...
2026-07-29 14:40:15,156 - app.sube_controller - INFO - [*] status ...
2026-07-29 14:40:15,365 - app.sube_controller - INFO - [+] Launching executable process ...
2026-07-29 14:40:16,886 - app.sube_controller - INFO - [+] Application process verified and window minimized.
2026-07-29 14:40:16,887 - app.sube_controller - INFO - [*] status ...
2026-07-29 14:40:25,796 - app.sube_controller - INFO - [-] Stopping application...
2026-07-29 14:40:25,796 - app.sube_controller - INFO - [*] status ...
2026-07-29 14:40:26,000 - app.sube_controller - INFO - [*] Attempting to close via UI...
2026-07-29 14:40:26,055 - app.sube_controller - INFO - [+] Process stopped successfully.
2026-07-29 14:40:27,556 - app.sube_controller - INFO - [*] status ...
2026-07-29 14:40:32,486 - app.sube_controller - INFO - [*] Opening application...
2026-07-29 14:40:32,486 - app.sube_controller - INFO - [*] status ...
2026-07-29 14:40:32,687 - app.sube_controller - INFO - [+] Launching executable process ...
2026-07-29 14:40:34,205 - app.sube_controller - INFO - [+] Application process verified and window minimized.
2026-07-29 14:40:34,205 - app.sube_controller - INFO - [*] status ...
2026-07-29 14:40:46,625 - app.sube_controller - INFO - [*] Waiting for a response from the reader hardware...
2026-07-29 14:40:46,786 - app.sube_controller - INFO - [debug] Captured Data after completion: ['Conectá tu dispositivo']
2026-07-29 14:42:04,082 - app.sube_controller - INFO - [*] Waiting for a response from the reader hardware...
2026-07-29 14:42:08,144 - app.sube_controller - INFO - [debug] Captured Data after completion: ['No se detecto\nninguna tarjeta', 'Err: 0x9301\nExt: 0x0']
2026-07-29 14:43:01,365 - app.sube_controller - INFO - [*] Waiting for a response from the reader hardware...
2026-07-29 14:43:05,470 - app.sube_controller - INFO - [debug] Captured Data after completion: ['No se detecto\nninguna tarjeta', 'Err: 0x9301\nExt: 0x0']
2026-07-29 14:43:16,790 - app.sube_controller - INFO - [*] Waiting for a response from the reader hardware...
2026-07-29 14:43:20,939 - app.sube_controller - INFO - [debug] Captured Data after completion: ['Consulta de Saldo', '$-23,85', '6061 2685 8089 3317', 'SUBE Nro:']
2026-07-29 15:57:59,315 - app.sube_controller - INFO - [*] Opening application...
2026-07-29 15:57:59,315 - app.sube_controller - INFO - [*] status ...
2026-07-29 15:57:59,499 - app.sube_controller - INFO - [+] Launching executable process ...
2026-07-29 15:58:01,016 - app.sube_controller - INFO - [+] Application process verified and window minimized.
2026-07-29 15:58:01,017 - app.sube_controller - INFO - [*] status ...
2026-07-29 15:58:13,659 - app.sube_controller - INFO - [-] Stopping application...
2026-07-29 15:58:13,660 - app.sube_controller - INFO - [*] status ...
2026-07-29 15:58:13,735 - app.sube_controller - INFO - [*] Attempting to close via UI...
2026-07-29 15:58:13,789 - app.sube_controller - INFO - [+] Process stopped successfully.
2026-07-29 15:58:15,290 - app.sube_controller - INFO - [*] status ...
2026-07-29 15:58:16,734 - app.sube_controller - INFO - [*] Opening application...
2026-07-29 15:58:16,734 - app.sube_controller - INFO - [*] status ...
2026-07-29 15:58:16,992 - app.sube_controller - INFO - [+] Launching executable process ...
2026-07-29 15:58:18,507 - app.sube_controller - INFO - [+] Application process verified and window minimized.
2026-07-29 15:58:18,507 - app.sube_controller - INFO - [*] status ...
2026-07-29 15:58:26,570 - app.sube_controller - INFO - [+] Initiating application restart...
2026-07-29 15:58:26,570 - app.sube_controller - INFO - [*] status ...
2026-07-29 15:58:26,678 - app.sube_controller - INFO - [*] Closing the current application instance...
2026-07-29 15:58:26,679 - app.sube_controller - INFO - [-] Stopping application...
2026-07-29 15:58:26,679 - app.sube_controller - INFO - [*] status ...
2026-07-29 15:58:26,780 - app.sube_controller - INFO - [*] Attempting to close via UI...
2026-07-29 15:58:26,829 - app.sube_controller - INFO - [+] Process stopped successfully.
2026-07-29 15:58:28,330 - app.sube_controller - INFO - [*] status ...
2026-07-29 15:58:28,727 - app.sube_controller - INFO - [*] Opening the application again...
2026-07-29 15:58:28,727 - app.sube_controller - INFO - [*] Opening application...
2026-07-29 15:58:28,727 - app.sube_controller - INFO - [*] status ...
2026-07-29 15:58:28,916 - app.sube_controller - INFO - [+] Launching executable process ...
2026-07-29 15:58:30,426 - app.sube_controller - INFO - [+] Application process verified and window minimized.
2026-07-29 15:58:30,427 - app.sube_controller - INFO - [*] status ...
2026-07-29 15:58:30,514 - app.sube_controller - INFO - [+] Application successfully restarted.
2026-07-29 15:58:59,682 - app.sube_controller - INFO - [+] Initiating application restart...
2026-07-29 15:58:59,683 - app.sube_controller - INFO - [*] status ...
2026-07-29 15:58:59,736 - app.sube_controller - INFO - [*] Closing the current application instance...
2026-07-29 15:58:59,736 - app.sube_controller - INFO - [-] Stopping application...
2026-07-29 15:58:59,736 - app.sube_controller - INFO - [*] status ...
2026-07-29 15:58:59,791 - app.sube_controller - INFO - [*] Attempting to close via UI...
2026-07-29 15:58:59,843 - app.sube_controller - INFO - [+] Process stopped successfully.
2026-07-29 15:59:01,344 - app.sube_controller - INFO - [*] status ...
2026-07-29 15:59:01,739 - app.sube_controller - INFO - [*] Opening the application again...
2026-07-29 15:59:01,739 - app.sube_controller - INFO - [*] Opening application...
2026-07-29 15:59:01,739 - app.sube_controller - INFO - [*] status ...
2026-07-29 15:59:01,937 - app.sube_controller - INFO - [+] Launching executable process ...
2026-07-29 15:59:03,448 - app.sube_controller - INFO - [+] Application process verified and window minimized.
2026-07-29 15:59:03,449 - app.sube_controller - INFO - [*] status ...
2026-07-29 15:59:03,692 - app.sube_controller - INFO - [+] Application successfully restarted.
2026-07-29 15:59:29,368 - app.sube_controller - INFO - [*] Waiting for a response from the reader hardware...
2026-07-29 15:59:33,555 - app.sube_controller - INFO - [debug] Captured Data after completion: ['No se detecto\nninguna tarjeta', 'Err: 0x9301\nExt: 0x0']
2026-07-29 15:59:41,586 - app.sube_controller - INFO - [*] Waiting for a response from the reader hardware...
2026-07-29 15:59:45,723 - app.sube_controller - INFO - [debug] Captured Data after completion: ['No se detecto\nninguna tarjeta', 'Err: 0x9301\nExt: 0x0']
2026-07-29 16:06:14,615 - app.sube_controller - ERROR - [!] Error listing buttons: Could not find 'Custom' in 'dict_keys(['TitleBar', 'Menu', 'Sistema', 'SistemaMenu', 'MenuItem', 'Sistema0', 'Sistema1', 'Sistema2', 'SistemaMenuItem', 'Button', 'Restaurar', 'RestaurarButton', 'MaximizarButton', 'Maximizar', 'Button0', 'Button1', 'Button2', 'Button3', 'Cerrar', 'CerrarButton'])'
2026-07-29 16:31:38,448 - app.sube_controller - INFO - [*] Waiting for a response from the reader hardware...
2026-07-29 16:31:42,832 - app.sube_controller - INFO - [debug] Captured Data after completion: ['No se detecto\nninguna tarjeta', 'Err: 0x9301\nExt: 0x0']
2026-07-29 16:32:13,340 - app.sube_controller - INFO - [*] Waiting for a response from the reader hardware...
2026-07-29 16:32:17,559 - app.sube_controller - INFO - [debug] Captured Data after completion: ['No se detecto\nninguna tarjeta', 'Err: 0x9301\nExt: 0x0']
2026-07-29 16:33:15,442 - app.sube_controller - INFO - [*] Waiting for a response from the reader hardware...
2026-07-29 16:33:19,791 - app.sube_controller - INFO - [debug] Captured Data after completion: ['No se detecto\nninguna tarjeta', 'Err: 0x9301\nExt: 0x0']
2026-07-29 16:33:31,141 - app.sube_controller - INFO - [*] Waiting for a response from the reader hardware...
2026-07-29 16:33:35,453 - app.sube_controller - INFO - [debug] Captured Data after completion: ['No se detecto\nninguna tarjeta', 'Err: 0x9301\nExt: 0x0']
2026-07-29 16:34:41,868 - app.sube_controller - INFO - [*] Waiting for a response from the reader hardware...
2026-07-29 16:34:46,399 - app.sube_controller - INFO - [debug] Captured Data after completion: ['No se detecto\nninguna tarjeta', 'Err: 0x9301\nExt: 0x0']
2026-07-29 16:35:18,092 - app.sube_controller - INFO - [*] Waiting for a response from the reader hardware...
2026-07-29 16:35:22,445 - app.sube_controller - INFO - [debug] Captured Data after completion: ['No se detecto\nninguna tarjeta', 'Err: 0x9301\nExt: 0x0']
2026-07-29 16:37:18,181 - app.sube_controller - INFO - [*] Waiting for a response from the reader hardware...
2026-07-29 16:37:22,521 - app.sube_controller - INFO - [debug] Captured Data after completion: ['No se detecto\nninguna tarjeta', 'Err: 0x9301\nExt: 0x0']
2026-07-29 16:38:00,376 - app.sube_controller - INFO - [*] Waiting for a response from the reader hardware...
2026-07-29 16:38:04,725 - app.sube_controller - INFO - [debug] Captured Data after completion: ['No se detecto\nninguna tarjeta', 'Err: 0x9301\nExt: 0x0']
2026-07-29 16:38:16,569 - app.sube_controller - INFO - [*] Waiting for a response from the reader hardware...
2026-07-29 16:38:20,610 - app.sube_controller - INFO - [debug] Captured Data after completion: ['No se detecto\nninguna tarjeta', 'Err: 0x9301\nExt: 0x0']
2026-07-29 17:28:24,999 - app.sube_controller - INFO - [*] Opening application...
2026-07-29 17:28:24,999 - app.sube_controller - INFO - [*] status ...
2026-07-29 17:28:25,205 - app.sube_controller - INFO - [+] Launching executable process ...
2026-07-29 17:28:26,711 - app.sube_controller - WARNING - [!] Issue during application startup or minimization: 'WindowSube' object has no attribute 'rectangle'
2026-07-29 17:28:26,712 - app.sube_controller - INFO - [*] status ...
2026-07-29 17:29:07,643 - app.sube_controller - INFO - [*] Opening application...
2026-07-29 17:29:07,644 - app.sube_controller - INFO - [*] status ...
2026-07-29 17:29:07,864 - app.sube_controller - INFO - [+] Launching executable process ...
2026-07-29 17:29:09,370 - app.sube_controller - WARNING - [!] Issue during application startup or minimization: 'WindowSube' object has no attribute 'rectangle'
2026-07-29 17:29:09,371 - app.sube_controller - INFO - [*] status ...
2026-07-29 17:29:09,594 - __main__ - INFO - Iniciando servidor...
2026-07-29 17:29:09,641 - uvicorn.error - INFO - Started server process [10984]
2026-07-29 17:29:09,641 - uvicorn.error - INFO - Waiting for application startup.
2026-07-29 17:29:09,642 - uvicorn.error - INFO - Application startup complete.
2026-07-29 17:29:09,642 - uvicorn.error - INFO - Uvicorn running on http://127.0.0.1:8000 (Press CTRL+C to quit)
2026-07-29 17:29:19,279 - uvicorn.error - INFO - Shutting down
2026-07-29 17:29:19,380 - uvicorn.error - INFO - Waiting for application shutdown.
2026-07-29 17:29:19,381 - uvicorn.error - INFO - Application shutdown complete.
2026-07-29 17:29:19,381 - uvicorn.error - INFO - Finished server process [10984]
2026-07-29 17:30:54,273 - app.sube_controller - INFO - [*] Opening application...
2026-07-29 17:30:54,292 - app.sube_controller - INFO - [*] status ...
2026-07-29 17:36:34,537 - app.sube_controller - INFO - [*] Opening application...
2026-07-29 17:36:34,539 - app.sube_controller - INFO - [*] status ...
2026-07-29 17:38:41,447 - app.sube_controller - INFO - [*] Opening application...
2026-07-29 17:38:41,467 - app.sube_controller - INFO - [*] status ...
2026-07-29 17:43:56,499 - app.sube_controller - INFO - [*] Opening application...
2026-07-29 17:43:56,500 - app.sube_controller - INFO - [*] status ...
2026-07-29 17:44:06,567 - app.sube_controller - INFO - [+] Launching executable process ...
2026-07-29 17:44:22,454 - app.sube_controller - INFO - [+] Ventana posicionada vía Win32 API en X: 1634, Y: 280
2026-07-29 17:45:30,407 - app.sube_controller - INFO - [*] Opening application...
2026-07-29 17:45:30,407 - app.sube_controller - INFO - [*] status ...
2026-07-29 17:45:30,722 - app.sube_controller - INFO - [+] Ventana posicionada vía Win32 API en X: 1634, Y: 280
2026-07-29 17:45:30,731 - app.sube_controller - INFO - [+] Application process verified and window minimized.
2026-07-29 17:45:30,732 - app.sube_controller - INFO - [*] status ...
2026-07-29 17:45:31,226 - __main__ - INFO - Iniciando servidor...
2026-07-29 17:45:31,270 - uvicorn.error - INFO - Started server process [11036]
2026-07-29 17:45:31,271 - uvicorn.error - INFO - Waiting for application startup.
2026-07-29 17:45:31,271 - uvicorn.error - INFO - Application startup complete.
2026-07-29 17:45:31,272 - uvicorn.error - INFO - Uvicorn running on http://127.0.0.1:8000 (Press CTRL+C to quit)
2026-07-29 17:45:49,734 - uvicorn.error - INFO - Shutting down
2026-07-29 17:45:49,845 - uvicorn.error - INFO - Waiting for application shutdown.
2026-07-29 17:45:49,845 - uvicorn.error - INFO - Application shutdown complete.
2026-07-29 17:45:49,846 - uvicorn.error - INFO - Finished server process [11036]
2026-07-29 17:45:52,677 - app.sube_controller - INFO - [*] Opening application...
2026-07-29 17:45:52,678 - app.sube_controller - INFO - [*] status ...
2026-07-29 17:45:53,010 - app.sube_controller - INFO - [+] Ventana posicionada vía Win32 API en X: 1634, Y: 280
2026-07-29 17:45:53,020 - app.sube_controller - INFO - [+] Application process verified and window minimized.
2026-07-29 17:45:53,020 - app.sube_controller - INFO - [*] status ...
2026-07-29 17:45:53,438 - __main__ - INFO - Iniciando servidor...
2026-07-29 17:45:53,490 - uvicorn.error - INFO - Started server process [4740]
2026-07-29 17:45:53,491 - uvicorn.error - INFO - Waiting for application startup.
2026-07-29 17:45:53,491 - uvicorn.error - INFO - Application startup complete.
2026-07-29 17:45:53,492 - uvicorn.error - INFO - Uvicorn running on http://127.0.0.1:8000 (Press CTRL+C to quit)
2026-07-29 17:46:00,942 - uvicorn.error - INFO - Shutting down
2026-07-29 17:46:01,055 - uvicorn.error - INFO - Finished server process [4740]
2026-07-29 17:46:01,066 - uvicorn.error - ERROR - Traceback (most recent call last):
  File "C:\Users\gusta\AppData\Local\Python\pythoncore-3.14-64\Lib\asyncio\runners.py", line 204, in run
    return runner.run(main)
           ~~~~~~~~~~^^^^^^
  File "C:\Users\gusta\AppData\Local\Python\pythoncore-3.14-64\Lib\asyncio\runners.py", line 127, in run
    return self._loop.run_until_complete(task)
           ~~~~~~~~~~~~~~~~~~~~~~~~~~~~~^^^^^^
  File "C:\Users\gusta\AppData\Local\Python\pythoncore-3.14-64\Lib\asyncio\base_events.py", line 706, in run_until_complete
    self.run_forever()
    ~~~~~~~~~~~~~~~~^^
  File "C:\Users\gusta\AppData\Local\Python\pythoncore-3.14-64\Lib\asyncio\base_events.py", line 677, in run_forever
    self._run_once()
    ~~~~~~~~~~~~~~^^
  File "C:\Users\gusta\AppData\Local\Python\pythoncore-3.14-64\Lib\asyncio\base_events.py", line 2046, in _run_once
    handle._run()
    ~~~~~~~~~~~^^
  File "C:\Users\gusta\AppData\Local\Python\pythoncore-3.14-64\Lib\asyncio\events.py", line 94, in _run
    self._context.run(self._callback, *self._args)
    ~~~~~~~~~~~~~~~~~^^^^^^^^^^^^^^^^^^^^^^^^^^^^^
  File "C:\Users\gusta\Documents\repositorios\sube-gateway\sube-local-gateway\.venv\Lib\site-packages\uvicorn\server.py", line 68, in serve
    with self.capture_signals():
         ~~~~~~~~~~~~~~~~~~~~^^
  File "C:\Users\gusta\AppData\Local\Python\pythoncore-3.14-64\Lib\contextlib.py", line 148, in __exit__
    next(self.gen)
    ~~~~^^^^^^^^^^
  File "C:\Users\gusta\Documents\repositorios\sube-gateway\sube-local-gateway\.venv\Lib\site-packages\uvicorn\server.py", line 328, in capture_signals
    signal.raise_signal(captured_signal)
    ~~~~~~~~~~~~~~~~~~~^^^^^^^^^^^^^^^^^
  File "C:\Users\gusta\AppData\Local\Python\pythoncore-3.14-64\Lib\asyncio\runners.py", line 166, in _on_sigint
    raise KeyboardInterrupt()
KeyboardInterrupt

During handling of the above exception, another exception occurred:

Traceback (most recent call last):
  File "C:\Users\gusta\Documents\repositorios\sube-gateway\sube-local-gateway\.venv\Lib\site-packages\starlette\routing.py", line 741, in lifespan
    await receive()
  File "C:\Users\gusta\Documents\repositorios\sube-gateway\sube-local-gateway\.venv\Lib\site-packages\uvicorn\lifespan\on.py", line 137, in receive
    return await self.receive_queue.get()
           ^^^^^^^^^^^^^^^^^^^^^^^^^^^^^^
  File "C:\Users\gusta\AppData\Local\Python\pythoncore-3.14-64\Lib\asyncio\queues.py", line 186, in get
    await getter
asyncio.exceptions.CancelledError

2026-07-29 17:46:03,845 - app.sube_controller - INFO - [*] Opening application...
2026-07-29 17:46:03,845 - app.sube_controller - INFO - [*] status ...
2026-07-29 17:46:16,079 - app.sube_controller - INFO - [*] Opening application...
2026-07-29 17:46:16,079 - app.sube_controller - INFO - [*] status ...
2026-07-29 17:46:16,295 - app.sube_controller - INFO - [+] Launching executable process ...
2026-07-29 17:47:18,340 - app.sube_controller - INFO - [+] Ventana posicionada vía Win32 API en X: 1634, Y: 280
2026-07-29 17:47:18,347 - app.sube_controller - INFO - [+] Application process verified and window minimized.
2026-07-29 17:47:18,347 - app.sube_controller - INFO - [*] status ...
2026-07-29 17:47:18,598 - __main__ - INFO - Iniciando servidor...
2026-07-29 17:47:18,643 - uvicorn.error - INFO - Started server process [5124]
2026-07-29 17:47:18,644 - uvicorn.error - INFO - Waiting for application startup.
2026-07-29 17:47:18,644 - uvicorn.error - INFO - Application startup complete.
2026-07-29 17:47:18,645 - uvicorn.error - INFO - Uvicorn running on http://127.0.0.1:8000 (Press CTRL+C to quit)
2026-07-29 17:47:35,906 - uvicorn.error - INFO - Shutting down
2026-07-29 17:47:36,015 - uvicorn.error - INFO - Finished server process [5124]
2026-07-29 17:47:40,076 - uvicorn.error - ERROR - Traceback (most recent call last):
  File "C:\Users\gusta\AppData\Local\Python\pythoncore-3.14-64\Lib\asyncio\runners.py", line 204, in run
    return runner.run(main)
           ~~~~~~~~~~^^^^^^
  File "C:\Users\gusta\AppData\Local\Python\pythoncore-3.14-64\Lib\asyncio\runners.py", line 127, in run
    return self._loop.run_until_complete(task)
           ~~~~~~~~~~~~~~~~~~~~~~~~~~~~~^^^^^^
  File "C:\Users\gusta\AppData\Local\Python\pythoncore-3.14-64\Lib\asyncio\base_events.py", line 706, in run_until_complete
    self.run_forever()
    ~~~~~~~~~~~~~~~~^^
  File "C:\Users\gusta\AppData\Local\Python\pythoncore-3.14-64\Lib\asyncio\base_events.py", line 677, in run_forever
    self._run_once()
    ~~~~~~~~~~~~~~^^
  File "C:\Users\gusta\AppData\Local\Python\pythoncore-3.14-64\Lib\asyncio\base_events.py", line 2046, in _run_once
    handle._run()
    ~~~~~~~~~~~^^
  File "C:\Users\gusta\AppData\Local\Python\pythoncore-3.14-64\Lib\asyncio\events.py", line 94, in _run
    self._context.run(self._callback, *self._args)
    ~~~~~~~~~~~~~~~~~^^^^^^^^^^^^^^^^^^^^^^^^^^^^^
  File "C:\Users\gusta\Documents\repositorios\sube-gateway\sube-local-gateway\.venv\Lib\site-packages\uvicorn\server.py", line 68, in serve
    with self.capture_signals():
         ~~~~~~~~~~~~~~~~~~~~^^
  File "C:\Users\gusta\AppData\Local\Python\pythoncore-3.14-64\Lib\contextlib.py", line 148, in __exit__
    next(self.gen)
    ~~~~^^^^^^^^^^
  File "C:\Users\gusta\Documents\repositorios\sube-gateway\sube-local-gateway\.venv\Lib\site-packages\uvicorn\server.py", line 328, in capture_signals
    signal.raise_signal(captured_signal)
    ~~~~~~~~~~~~~~~~~~~^^^^^^^^^^^^^^^^^
  File "C:\Users\gusta\AppData\Local\Python\pythoncore-3.14-64\Lib\bdb.py", line 94, in wrapper
    ret = func(frame, *args)
  File "C:\Users\gusta\AppData\Local\Python\pythoncore-3.14-64\Lib\bdb.py", line 154, in opcode_callback
    frame.f_trace(frame, 'opcode', None)
    ~~~~~~~~~~~~~^^^^^^^^^^^^^^^^^^^^^^^
  File "C:\Users\gusta\AppData\Local\Python\pythoncore-3.14-64\Lib\bdb.py", line 298, in trace_dispatch
    return self.dispatch_opcode(frame, arg)
           ~~~~~~~~~~~~~~~~~~~~^^^^^^^^^^^^
  File "C:\Users\gusta\AppData\Local\Python\pythoncore-3.14-64\Lib\bdb.py", line 415, in dispatch_opcode
    self.user_opcode(frame)
    ~~~~~~~~~~~~~~~~^^^^^^^
  File "C:\Users\gusta\AppData\Local\Python\pythoncore-3.14-64\Lib\pdb.py", line 547, in user_line
    self.interaction(frame, None)
    ~~~~~~~~~~~~~~~~^^^^^^^^^^^^^
  File "C:\Users\gusta\AppData\Local\Python\pythoncore-3.14-64\Lib\pdb.py", line 736, in interaction
    self._cmdloop()
    ~~~~~~~~~~~~~^^
  File "C:\Users\gusta\AppData\Local\Python\pythoncore-3.14-64\Lib\pdb.py", line 601, in _cmdloop
    self.cmdloop()
    ~~~~~~~~~~~~^^
  File "C:\Users\gusta\AppData\Local\Python\pythoncore-3.14-64\Lib\cmd.py", line 149, in cmdloop
    stop = self.onecmd(line)
  File "C:\Users\gusta\AppData\Local\Python\pythoncore-3.14-64\Lib\pdb.py", line 1038, in onecmd
    return cmd.Cmd.onecmd(self, line)
           ~~~~~~~~~~~~~~^^^^^^^^^^^^
  File "C:\Users\gusta\AppData\Local\Python\pythoncore-3.14-64\Lib\cmd.py", line 227, in onecmd
    return func(arg)
  File "C:\Users\gusta\AppData\Local\Python\pythoncore-3.14-64\Lib\pdb.py", line 1982, in do_quit
    sys.exit(1)
    ~~~~~~~~^^^
SystemExit: 1

During handling of the above exception, another exception occurred:

Traceback (most recent call last):
  File "C:\Users\gusta\Documents\repositorios\sube-gateway\sube-local-gateway\.venv\Lib\site-packages\starlette\routing.py", line 741, in lifespan
    await receive()
  File "C:\Users\gusta\Documents\repositorios\sube-gateway\sube-local-gateway\.venv\Lib\site-packages\uvicorn\lifespan\on.py", line 137, in receive
    return await self.receive_queue.get()
           ^^^^^^^^^^^^^^^^^^^^^^^^^^^^^^
  File "C:\Users\gusta\AppData\Local\Python\pythoncore-3.14-64\Lib\asyncio\queues.py", line 186, in get
    await getter
asyncio.exceptions.CancelledError

2026-07-29 17:47:51,692 - app.sube_controller - INFO - [*] Opening application...
2026-07-29 17:47:51,693 - app.sube_controller - INFO - [*] status ...
2026-07-29 17:47:51,970 - app.sube_controller - INFO - [+] Launching executable process ...
2026-07-29 17:52:38,397 - app.sube_controller - INFO - [*] Opening application...
2026-07-29 17:52:38,398 - app.sube_controller - INFO - [*] status ...
2026-07-29 17:52:48,421 - app.sube_controller - INFO - [*] Opening application...
2026-07-29 17:52:48,422 - app.sube_controller - INFO - [*] status ...
2026-07-29 17:52:48,682 - app.sube_controller - INFO - [+] Launching executable process ...
2026-07-29 17:53:00,418 - app.sube_controller - INFO - [+] Window repositioned via Win32 API to X: 1634, Y: 280
2026-07-29 18:12:47,983 - app.sube_controller - INFO - [*] Opening application...
2026-07-29 18:12:47,984 - app.sube_controller - INFO - [*] status ...
2026-07-29 18:13:19,484 - app.sube_controller - INFO - [*] Opening application...
2026-07-29 18:13:19,484 - app.sube_controller - INFO - [*] status ...
2026-07-29 18:20:21,090 - app.sube_controller - INFO - [*] Opening application...
2026-07-29 18:20:21,090 - app.sube_controller - INFO - [*] status ...
2026-07-29 18:20:21,295 - app.sube_controller - WARNING - [!] Issue during application startup or minimization: 'int' object has no attribute 'rectangle'
2026-07-29 18:20:21,295 - app.sube_controller - INFO - [*] status ...
2026-07-29 18:20:28,644 - app.sube_controller - INFO - [*] Opening application...
2026-07-29 18:20:28,644 - app.sube_controller - INFO - [*] status ...
2026-07-29 18:20:28,840 - app.sube_controller - INFO - [+] Launching executable process ...
2026-07-29 18:20:30,346 - app.sube_controller - WARNING - [!] Issue during application startup or minimization: 'int' object has no attribute 'rectangle'
2026-07-29 18:20:30,347 - app.sube_controller - INFO - [*] status ...
2026-07-29 18:21:12,491 - app.sube_controller - INFO - [*] Opening application...
2026-07-29 18:21:12,491 - app.sube_controller - INFO - [*] status ...
2026-07-29 18:25:33,248 - app.sube_controller - INFO - [*] Opening application...
2026-07-29 18:25:33,249 - app.sube_controller - INFO - [*] status ...
2026-07-29 18:25:46,179 - app.sube_controller - INFO - [+] Window repositioned via Win32 API to X: 1634, Y: 280
2026-07-29 18:28:07,628 - app.sube_controller - INFO - [*] Opening application...
2026-07-29 18:28:07,629 - app.sube_controller - INFO - [*] status ...
2026-07-29 18:28:07,839 - app.sube_controller - INFO - [+] Launching executable process ...
2026-07-29 18:28:09,349 - app.sube_controller - INFO - [+] Window repositioned via Win32 API to X: 1634, Y: 280
2026-07-29 18:28:10,359 - app.sube_controller - INFO - [+] Application process verified and window minimized.
2026-07-29 18:28:10,359 - app.sube_controller - INFO - [*] status ...
2026-07-29 18:28:41,216 - app.sube_controller - INFO - [*] Opening application...
2026-07-29 18:28:41,217 - app.sube_controller - INFO - [*] status ...
2026-07-29 18:28:41,420 - app.sube_controller - INFO - [+] Launching executable process ...
2026-07-29 18:28:42,925 - app.sube_controller - INFO - [+] Window repositioned via Win32 API to X: 1634, Y: 280
2026-07-29 18:28:43,936 - app.sube_controller - INFO - [+] Application process verified and window minimized.
2026-07-29 18:28:43,936 - app.sube_controller - INFO - [*] status ...
2026-07-29 18:29:13,752 - app.sube_controller - INFO - [*] Opening application...
2026-07-29 18:29:13,752 - app.sube_controller - INFO - [*] status ...
2026-07-29 18:29:13,942 - app.sube_controller - INFO - [+] Application process verified and window minimized.
2026-07-29 18:29:13,943 - app.sube_controller - INFO - [*] status ...
2026-07-29 18:29:18,991 - app.sube_controller - INFO - [*] Opening application...
2026-07-29 18:29:18,991 - app.sube_controller - INFO - [*] status ...
2026-07-29 18:29:19,193 - app.sube_controller - INFO - [+] Launching executable process ...
2026-07-29 18:29:20,699 - app.sube_controller - INFO - [+] Window repositioned via Win32 API to X: 1634, Y: 280
2026-07-29 18:29:21,708 - app.sube_controller - INFO - [+] Application process verified and window minimized.
2026-07-29 18:29:21,708 - app.sube_controller - INFO - [*] status ...
2026-07-29 18:29:32,407 - app.sube_controller - INFO - [-] Stopping application...
2026-07-29 18:29:32,408 - app.sube_controller - INFO - [*] status ...
2026-07-29 18:29:32,595 - app.sube_controller - INFO - [*] Attempting to close via UI...
2026-07-29 18:29:32,653 - app.sube_controller - INFO - [+] Process stopped successfully.
2026-07-29 18:29:34,154 - app.sube_controller - INFO - [*] status ...
2026-07-29 18:29:36,054 - app.sube_controller - INFO - [*] Opening application...
2026-07-29 18:29:36,054 - app.sube_controller - INFO - [*] status ...
2026-07-29 18:29:36,259 - app.sube_controller - INFO - [+] Launching executable process ...
2026-07-29 18:29:37,765 - app.sube_controller - INFO - [+] Window repositioned via Win32 API to X: 1634, Y: 280
2026-07-29 18:29:38,776 - app.sube_controller - INFO - [+] Application process verified and window minimized.
2026-07-29 18:29:38,776 - app.sube_controller - INFO - [*] status ...
2026-07-29 18:30:14,119 - app.sube_controller - INFO - [*] Waiting for a response from the reader hardware...
2026-07-29 18:30:14,323 - app.sube_controller - INFO - [debug] Captured Data after completion: ['Conectá tu dispositivo']
2026-07-29 18:31:19,130 - app.sube_controller - INFO - [*] Waiting for a response from the reader hardware...
2026-07-29 18:31:19,337 - app.sube_controller - INFO - [debug] Captured Data after completion: ['Conectá tu dispositivo']
2026-07-29 18:31:29,328 - app.sube_controller - INFO - [*] Waiting for a response from the reader hardware...
2026-07-29 18:31:29,619 - app.sube_controller - INFO - [debug] Captured Data after completion: ['Conectá tu dispositivo']
2026-07-29 18:32:19,428 - app.sube_controller - INFO - [*] Waiting for a response from the reader hardware...
2026-07-29 18:32:19,664 - app.sube_controller - INFO - [debug] Captured Data after completion: ['Conectá tu dispositivo']
2026-07-29 18:32:33,308 - app.sube_controller - INFO - [*] Waiting for a response from the reader hardware...
2026-07-29 18:32:33,481 - app.sube_controller - INFO - [debug] Captured Data after completion: ['Conectá tu dispositivo']
2026-07-29 19:11:31,934 - app.sube_controller - INFO - [*] Opening application...
2026-07-29 19:11:31,934 - app.sube_controller - INFO - [*] status ...
2026-07-29 19:11:32,146 - app.sube_controller - INFO - [+] Launching executable process ...
2026-07-29 19:11:32,153 - app.sube_controller - WARNING - [!] No window found matching pattern: Conexi[oó]n M[oó]vil
2026-07-29 19:11:33,171 - app.sube_controller - INFO - [+] Application process verified and window minimized.
2026-07-29 19:11:33,171 - app.sube_controller - INFO - [*] status ...
2026-07-29 19:13:29,602 - app.sube_controller - INFO - [*] Opening application...
2026-07-29 19:13:29,602 - app.sube_controller - INFO - [*] status ...
2026-07-29 19:13:29,823 - app.sube_controller - INFO - [+] Launching executable process ...
2026-07-29 19:13:29,830 - app.sube_controller - WARNING - [!] No window found matching pattern: Conexi[oó]n M[oó]vil
2026-07-29 19:13:30,848 - app.sube_controller - INFO - [+] Application process verified and window minimized.
2026-07-29 19:13:30,849 - app.sube_controller - INFO - [*] status ...
2026-07-29 19:17:07,925 - app.sube_controller - INFO - [*] Opening application...
2026-07-29 19:17:07,964 - app.sube_controller - INFO - [*] status ...
2026-07-29 19:17:08,200 - app.sube_controller - INFO - [+] Launching executable process ...
2026-07-29 19:17:08,208 - app.sube_controller - WARNING - [!] No window found matching pattern: Conexi[oó]n M[oó]vil
2026-07-29 19:17:09,225 - app.sube_controller - INFO - [+] Application process verified and window minimized.
2026-07-29 19:17:09,226 - app.sube_controller - INFO - [*] status ...
2026-07-29 19:19:21,276 - app.sube_controller - INFO - [*] Opening application...
2026-07-29 19:19:21,276 - app.sube_controller - INFO - [*] status ...
2026-07-29 19:19:21,417 - app.sube_controller - INFO - [+] Application process verified and window minimized.
2026-07-29 19:19:21,418 - app.sube_controller - INFO - [*] status ...
2026-07-29 19:20:15,140 - app.sube_controller - INFO - [*] Opening application...
2026-07-29 19:20:15,140 - app.sube_controller - INFO - [*] status ...
2026-07-29 19:20:15,415 - app.sube_controller - INFO - [+] Application process verified and window minimized.
2026-07-29 19:20:15,416 - app.sube_controller - INFO - [*] status ...
2026-07-29 19:20:15,564 - __main__ - INFO - Iniciando servidor...
2026-07-29 19:20:15,608 - uvicorn.error - INFO - Started server process [4168]
2026-07-29 19:20:15,609 - uvicorn.error - INFO - Waiting for application startup.
2026-07-29 19:20:15,610 - uvicorn.error - INFO - Application startup complete.
2026-07-29 19:20:15,610 - uvicorn.error - INFO - Uvicorn running on http://127.0.0.1:8000 (Press CTRL+C to quit)
2026-07-29 19:20:33,529 - uvicorn.error - INFO - Shutting down
2026-07-29 19:20:33,635 - uvicorn.error - INFO - Waiting for application shutdown.
2026-07-29 19:20:33,636 - uvicorn.error - INFO - Application shutdown complete.
2026-07-29 19:20:33,637 - uvicorn.error - INFO - Finished server process [4168]
2026-07-29 19:20:36,180 - app.sube_controller - INFO - [*] Opening application...
2026-07-29 19:20:36,180 - app.sube_controller - INFO - [*] status ...
2026-07-29 19:20:36,392 - app.sube_controller - INFO - [+] Launching executable process ...
2026-07-29 19:22:50,114 - app.sube_controller - INFO - [*] Opening application...
2026-07-29 19:22:50,114 - app.sube_controller - INFO - [*] status ...
2026-07-29 19:22:50,422 - app.sube_controller - INFO - [+] Application process verified and window minimized.
2026-07-29 19:22:50,422 - app.sube_controller - INFO - [*] status ...
2026-07-29 19:22:50,606 - __main__ - INFO - Iniciando servidor...
2026-07-29 19:22:50,648 - uvicorn.error - INFO - Started server process [2704]
2026-07-29 19:22:50,649 - uvicorn.error - INFO - Waiting for application startup.
2026-07-29 19:22:50,649 - uvicorn.error - INFO - Application startup complete.
2026-07-29 19:22:50,650 - uvicorn.error - INFO - Uvicorn running on http://127.0.0.1:8000 (Press CTRL+C to quit)
2026-07-29 19:22:56,236 - uvicorn.error - INFO - Shutting down
2026-07-29 19:22:56,353 - uvicorn.error - INFO - Finished server process [2704]
2026-07-29 19:22:56,365 - uvicorn.error - ERROR - Traceback (most recent call last):
  File "C:\Users\gusta\AppData\Local\Python\pythoncore-3.14-64\Lib\asyncio\runners.py", line 204, in run
    return runner.run(main)
           ~~~~~~~~~~^^^^^^
  File "C:\Users\gusta\AppData\Local\Python\pythoncore-3.14-64\Lib\asyncio\runners.py", line 127, in run
    return self._loop.run_until_complete(task)
           ~~~~~~~~~~~~~~~~~~~~~~~~~~~~~^^^^^^
  File "C:\Users\gusta\AppData\Local\Python\pythoncore-3.14-64\Lib\asyncio\base_events.py", line 706, in run_until_complete
    self.run_forever()
    ~~~~~~~~~~~~~~~~^^
  File "C:\Users\gusta\AppData\Local\Python\pythoncore-3.14-64\Lib\asyncio\base_events.py", line 677, in run_forever
    self._run_once()
    ~~~~~~~~~~~~~~^^
  File "C:\Users\gusta\AppData\Local\Python\pythoncore-3.14-64\Lib\asyncio\base_events.py", line 2046, in _run_once
    handle._run()
    ~~~~~~~~~~~^^
  File "C:\Users\gusta\AppData\Local\Python\pythoncore-3.14-64\Lib\asyncio\events.py", line 94, in _run
    self._context.run(self._callback, *self._args)
    ~~~~~~~~~~~~~~~~~^^^^^^^^^^^^^^^^^^^^^^^^^^^^^
  File "C:\Users\gusta\Documents\repositorios\sube-gateway\sube-local-gateway\.venv\Lib\site-packages\uvicorn\server.py", line 68, in serve
    with self.capture_signals():
         ~~~~~~~~~~~~~~~~~~~~^^
  File "C:\Users\gusta\AppData\Local\Python\pythoncore-3.14-64\Lib\contextlib.py", line 148, in __exit__
    next(self.gen)
    ~~~~^^^^^^^^^^
  File "C:\Users\gusta\Documents\repositorios\sube-gateway\sube-local-gateway\.venv\Lib\site-packages\uvicorn\server.py", line 328, in capture_signals
    signal.raise_signal(captured_signal)
    ~~~~~~~~~~~~~~~~~~~^^^^^^^^^^^^^^^^^
  File "C:\Users\gusta\AppData\Local\Python\pythoncore-3.14-64\Lib\asyncio\runners.py", line 166, in _on_sigint
    raise KeyboardInterrupt()
KeyboardInterrupt

During handling of the above exception, another exception occurred:

Traceback (most recent call last):
  File "C:\Users\gusta\Documents\repositorios\sube-gateway\sube-local-gateway\.venv\Lib\site-packages\starlette\routing.py", line 741, in lifespan
    await receive()
  File "C:\Users\gusta\Documents\repositorios\sube-gateway\sube-local-gateway\.venv\Lib\site-packages\uvicorn\lifespan\on.py", line 137, in receive
    return await self.receive_queue.get()
           ^^^^^^^^^^^^^^^^^^^^^^^^^^^^^^
  File "C:\Users\gusta\AppData\Local\Python\pythoncore-3.14-64\Lib\asyncio\queues.py", line 186, in get
    await getter
asyncio.exceptions.CancelledError

2026-07-29 19:22:59,889 - app.sube_controller - INFO - [*] Opening application...
2026-07-29 19:22:59,889 - app.sube_controller - INFO - [*] status ...
2026-07-29 19:23:00,119 - app.sube_controller - INFO - [+] Launching executable process ...
2026-07-29 19:26:21,667 - app.sube_controller - INFO - [*] Opening application...
2026-07-29 19:26:21,667 - app.sube_controller - INFO - [*] status ...
2026-07-29 19:26:21,869 - app.sube_controller - INFO - [+] Launching executable process ...
2026-07-29 19:26:22,876 - app.sube_controller - INFO - [+] Window repositioned via Win32 API to X: 1634, Y: 280
2026-07-29 19:26:23,891 - app.sube_controller - INFO - [+] Application process verified and window minimized.
2026-07-29 19:26:23,892 - app.sube_controller - INFO - [*] status ...
2026-07-29 19:26:24,178 - __main__ - INFO - Iniciando servidor...
2026-07-29 19:26:24,220 - uvicorn.error - INFO - Started server process [14128]
2026-07-29 19:26:24,220 - uvicorn.error - INFO - Waiting for application startup.
2026-07-29 19:26:24,221 - uvicorn.error - INFO - Application startup complete.
2026-07-29 19:26:24,222 - uvicorn.error - INFO - Uvicorn running on http://127.0.0.1:8000 (Press CTRL+C to quit)
2026-07-29 19:26:31,113 - uvicorn.error - INFO - Shutting down
2026-07-29 19:26:31,227 - uvicorn.error - INFO - Waiting for application shutdown.
2026-07-29 19:26:31,228 - uvicorn.error - INFO - Application shutdown complete.
2026-07-29 19:26:31,229 - uvicorn.error - INFO - Finished server process [14128]
2026-07-29 19:26:53,082 - app.sube_controller - INFO - [*] Opening application...
2026-07-29 19:26:53,082 - app.sube_controller - INFO - [*] status ...
2026-07-29 19:26:53,209 - app.sube_controller - INFO - [+] Application process verified and window minimized.
2026-07-29 19:26:53,210 - app.sube_controller - INFO - [*] status ...
2026-07-29 19:26:57,879 - app.sube_controller - INFO - [*] Opening application...
2026-07-29 19:26:57,879 - app.sube_controller - INFO - [*] status ...
2026-07-29 19:26:58,075 - app.sube_controller - INFO - [+] Launching executable process ...
2026-07-29 19:26:59,083 - app.sube_controller - INFO - [+] Window repositioned via Win32 API to X: 1634, Y: 280
2026-07-29 19:27:00,097 - app.sube_controller - INFO - [+] Application process verified and window minimized.
2026-07-29 19:27:00,098 - app.sube_controller - INFO - [*] status ...
2026-07-29 19:28:44,808 - app.sube_controller - INFO - [-] Stopping application...
2026-07-29 19:28:44,808 - app.sube_controller - INFO - [*] status ...
2026-07-29 19:28:44,922 - app.sube_controller - INFO - [*] Attempting to close via UI...
2026-07-29 19:28:44,985 - app.sube_controller - INFO - [+] Process stopped successfully.
2026-07-29 19:28:46,486 - app.sube_controller - INFO - [*] status ...
2026-07-29 19:28:50,966 - app.sube_controller - INFO - [*] Opening application...
2026-07-29 19:28:50,966 - app.sube_controller - INFO - [*] status ...
2026-07-29 19:28:51,171 - app.sube_controller - INFO - [+] Launching executable process ...
2026-07-29 19:28:52,181 - app.sube_controller - INFO - [+] Window repositioned via Win32 API to X: 1634, Y: 280
2026-07-29 19:28:53,197 - app.sube_controller - INFO - [+] Application process verified and window minimized.
2026-07-29 19:28:53,198 - app.sube_controller - INFO - [*] status ...
2026-07-29 19:39:36,617 - app.sube_controller - INFO - [*] Opening application...
2026-07-29 19:39:36,618 - app.sube_controller - INFO - [*] status ...
2026-07-29 19:39:36,819 - app.sube_controller - INFO - [+] Launching executable process ...
2026-07-29 19:39:37,830 - app.sube_controller - INFO - [+] Window repositioned via Win32 API to X: 1634, Y: 280
2026-07-29 19:39:38,840 - app.sube_controller - INFO - [+] Application process verified and window minimized.
2026-07-29 19:39:38,840 - app.sube_controller - INFO - [*] status ...
2026-07-29 19:40:59,641 - app.sube_controller - INFO - [*] Waiting for a response from the reader hardware...
2026-07-29 19:40:59,830 - app.sube_controller - INFO - [debug] Captured Data after completion: ['Conectá tu dispositivo']
2026-07-29 19:50:53,260 - app.sube_controller - INFO - [debug] Captured Data after completion: ['Conectá tu dispositivo']
2026-07-29 19:50:58,650 - __main__ - INFO - Iniciando servidor...
2026-07-29 19:50:58,737 - uvicorn.error - INFO - Started server process [2888]
2026-07-29 19:50:58,737 - uvicorn.error - INFO - Waiting for application startup.
2026-07-29 19:50:58,738 - uvicorn.error - INFO - Application startup complete.
2026-07-29 19:50:58,739 - uvicorn.error - INFO - Uvicorn running on http://127.0.0.1:8000 (Press CTRL+C to quit)
2026-07-29 19:51:23,759 - uvicorn.error - INFO - Shutting down
2026-07-29 19:51:23,863 - uvicorn.error - INFO - Waiting for application shutdown.
2026-07-29 19:51:23,864 - uvicorn.error - INFO - Application shutdown complete.
2026-07-29 19:51:23,864 - uvicorn.error - INFO - Finished server process [2888]
2026-07-29 19:51:34,335 - app.sube_controller - INFO - [debug] Captured Data after completion: ['Conectá tu dispositivo']
2026-07-29 20:01:24,136 - app.sube_controller - INFO - [*] Opening application...
2026-07-29 20:01:24,136 - app.sube_controller - INFO - [*] status ...
2026-07-29 20:01:24,331 - app.sube_controller - INFO - [+] Launching executable process ...
2026-07-29 20:01:25,341 - app.sube_controller - INFO - [+] Window repositioned via Win32 API to X: 1634, Y: 280
2026-07-29 20:01:26,356 - app.sube_controller - INFO - [+] Application process verified and window minimized.
2026-07-29 20:01:26,357 - app.sube_controller - INFO - [*] status ...
2026-07-29 20:02:02,234 - app.sube_controller - INFO - [*] Opening application...
2026-07-29 20:02:02,234 - app.sube_controller - INFO - [*] status ...
2026-07-29 20:02:02,420 - app.sube_controller - INFO - [+] Application process verified and window minimized.
2026-07-29 20:02:02,421 - app.sube_controller - INFO - [*] status ...
2026-07-29 20:02:08,071 - app.sube_controller - INFO - [*] Opening application...
2026-07-29 20:02:08,072 - app.sube_controller - INFO - [*] status ...
2026-07-29 20:02:08,272 - app.sube_controller - INFO - [+] Launching executable process ...
2026-07-29 20:02:08,279 - app.sube_controller - WARNING - [!] No window found matching pattern: Conexi[oó]n M[oó]vil
2026-07-29 20:02:09,295 - app.sube_controller - INFO - [+] Application process verified and window minimized.
2026-07-29 20:02:09,296 - app.sube_controller - INFO - [*] status ...
2026-07-29 20:03:43,613 - app.sube_controller - INFO - [-] Stopping application...
2026-07-29 20:03:43,613 - app.sube_controller - INFO - [*] status ...
2026-07-29 20:03:43,683 - app.sube_controller - INFO - [*] Attempting to close via UI...
2026-07-29 20:03:43,743 - app.sube_controller - INFO - [+] Process stopped successfully.
2026-07-29 20:03:45,244 - app.sube_controller - INFO - [*] status ...
2026-07-29 20:03:48,668 - app.sube_controller - INFO - [*] Opening application...
2026-07-29 20:03:48,669 - app.sube_controller - INFO - [*] status ...
2026-07-29 20:03:48,863 - app.sube_controller - INFO - [+] Launching executable process ...
2026-07-29 20:03:50,872 - app.sube_controller - INFO - [+] Window repositioned via Win32 API to X: 1634, Y: 280
2026-07-29 20:03:50,886 - app.sube_controller - INFO - [+] Application process verified and window minimized.
2026-07-29 20:03:50,887 - app.sube_controller - INFO - [*] status ...
2026-07-29 20:03:56,302 - app.sube_controller - INFO - [*] Opening application...
2026-07-29 20:03:56,302 - app.sube_controller - INFO - [*] status ...
2026-07-29 20:03:56,418 - app.sube_controller - INFO - [+] Application process verified and window minimized.
2026-07-29 20:03:56,418 - app.sube_controller - INFO - [*] status ...
2026-07-29 20:03:58,628 - app.sube_controller - INFO - [-] Stopping application...
2026-07-29 20:03:58,629 - app.sube_controller - INFO - [*] status ...
2026-07-29 20:03:58,747 - app.sube_controller - INFO - [*] Attempting to close via UI...
2026-07-29 20:03:58,799 - app.sube_controller - INFO - [+] Process stopped successfully.
2026-07-29 20:04:00,300 - app.sube_controller - INFO - [*] status ...
2026-07-29 20:04:01,856 - app.sube_controller - INFO - [-] Stopping application...
2026-07-29 20:04:01,856 - app.sube_controller - INFO - [*] status ...
2026-07-29 20:04:02,052 - app.sube_controller - INFO - [*] status ...
2026-07-29 20:04:06,156 - app.sube_controller - INFO - [*] Opening application...
2026-07-29 20:04:06,156 - app.sube_controller - INFO - [*] status ...
2026-07-29 20:04:06,348 - app.sube_controller - INFO - [+] Launching executable process ...
2026-07-29 20:04:08,355 - app.sube_controller - INFO - [+] Window repositioned via Win32 API to X: 1634, Y: 280
2026-07-29 20:04:08,370 - app.sube_controller - INFO - [+] Application process verified and window minimized.
2026-07-29 20:04:08,371 - app.sube_controller - INFO - [*] status ...
2026-07-29 20:07:47,674 - app.sube_controller - INFO - [*] Waiting for a response from the reader hardware...
2026-07-29 20:07:51,881 - app.sube_controller - INFO - [debug] Captured Data after completion: ['No se detecto\nninguna tarjeta', 'Err: 0x9301\nExt: 0x0']
2026-07-29 20:08:24,095 - app.sube_controller - INFO - [*] Waiting for a response from the reader hardware...
2026-07-29 20:08:26,337 - app.sube_controller - INFO - [debug] Captured Data after completion: ['Consulta de Saldo', '$-23,85', '6061 2685 8089 3317', 'SUBE Nro:']
2026-07-29 20:09:40,657 - app.sube_controller - INFO - [-] Stopping application...
2026-07-29 20:09:40,658 - app.sube_controller - INFO - [*] status ...
2026-07-29 20:09:40,855 - app.sube_controller - INFO - [*] Attempting to close via UI...
2026-07-29 20:09:40,862 - app.sube_controller - INFO - [+] Process stopped successfully.
2026-07-29 20:09:42,363 - app.sube_controller - INFO - [*] status ...
2026-07-29 20:09:44,440 - app.sube_controller - INFO - [*] Opening application...
2026-07-29 20:09:44,441 - app.sube_controller - INFO - [*] status ...
2026-07-29 20:09:44,637 - app.sube_controller - INFO - [+] Launching executable process ...
2026-07-29 20:09:46,644 - app.sube_controller - INFO - [+] Window repositioned via Win32 API to X: 1634, Y: 280
2026-07-29 20:09:46,659 - app.sube_controller - INFO - [+] Application process verified and window minimized.
2026-07-29 20:09:46,660 - app.sube_controller - INFO - [*] status ...
2026-07-29 20:11:44,636 - app.sube_controller - INFO - [-] Stopping application...
2026-07-29 20:11:44,637 - app.sube_controller - INFO - [*] status ...
2026-07-29 20:11:44,819 - app.sube_controller - INFO - [*] Attempting to close via UI...
2026-07-29 20:11:44,873 - app.sube_controller - INFO - [+] Process stopped successfully.
2026-07-29 20:11:46,374 - app.sube_controller - INFO - [*] status ...
2026-07-29 20:11:50,098 - app.sube_controller - INFO - [*] Opening application...
2026-07-29 20:11:50,098 - app.sube_controller - INFO - [*] status ...
2026-07-29 20:11:50,353 - app.sube_controller - INFO - [+] Launching executable process ...
2026-07-29 20:11:52,362 - app.sube_controller - INFO - [+] Window repositioned via Win32 API to X: 1634, Y: 280
2026-07-29 20:11:52,377 - app.sube_controller - INFO - [+] Application process verified and window minimized.
2026-07-29 20:11:52,378 - app.sube_controller - INFO - [*] status ...
2026-07-29 20:12:09,783 - app.sube_controller - INFO - [debug] Captured Data after completion: ['Conectá tu dispositivo']
2026-07-29 20:12:20,965 - app.sube_controller - INFO - [*] Waiting for a response from the reader hardware...
2026-07-29 20:12:21,143 - app.sube_controller - INFO - [debug] Captured Data after completion: ['Conectá tu dispositivo']
2026-07-29 20:12:45,115 - app.sube_controller - INFO - [debug] Captured Data after completion: ['Conectá tu dispositivo']
2026-07-29 20:14:14,056 - app.sube_controller - INFO - [debug] Captured Data after completion: ['Conectá tu dispositivo']
2026-07-29 20:16:16,276 - app.sube_controller - INFO - [debug] Captured Data after completion: ['Conectá tu dispositivo']
2026-07-29 20:16:26,695 - app.sube_controller - INFO - [debug] Captured Data after completion: ['Conectá tu dispositivo']
2026-07-29 20:16:37,896 - app.sube_controller - INFO - [*] Waiting for a response from the reader hardware...
2026-07-29 20:16:38,062 - app.sube_controller - INFO - [debug] Captured Data after completion: ['Sincronizando con dispositivo']
2026-07-29 20:16:44,689 - app.sube_controller - INFO - [*] Waiting for a response from the reader hardware...
2026-07-29 20:16:47,122 - app.sube_controller - INFO - [debug] Captured Data after completion: ['Consulta de Saldo', '$-23,85', '6061 2685 8089 3317', 'SUBE Nro:']
2026-07-29 20:16:55,943 - app.sube_controller - INFO - [*] Waiting for a response from the reader hardware...
2026-07-29 20:17:09,091 - app.sube_controller - INFO - [debug] Captured Data after completion: []
2026-07-29 20:23:39,187 - app.sube_controller - INFO - [*] Waiting for a response from the reader hardware...
2026-07-29 20:23:52,322 - app.sube_controller - INFO - [debug] Captured Data after completion: []
2026-07-29 20:24:00,466 - app.sube_controller - INFO - [*] Waiting for a response from the reader hardware...
2026-07-29 20:25:36,417 - app.sube_controller - INFO - [*] Waiting for a response from the reader hardware...
2026-07-29 20:25:39,038 - app.sube_controller - INFO - [debug] Captured Data after completion: ['Consulta de Saldo', '$-23,85', '6061 2685 8089 3317', 'SUBE Nro:']
2026-07-29 20:25:49,622 - app.sube_controller - INFO - [*] Waiting for a response from the reader hardware...
2026-07-29 20:25:52,300 - app.sube_controller - INFO - [debug] Captured Data after completion: ['Consulta de Saldo', '$-23,85', '6061 2685 8089 3317', 'SUBE Nro:']
